// Jest Snapshot v1, https://goo.gl/fbAQLP

exports[`EditProfileNavigation  renders correctly 1`] = `
Array [
  <View
    style={
      Object {
        "flex": 1,
      }
    }
  >
    <RNCSafeAreaView
      onInsetsChange={[Function]}
      style={
        Object {
          "flex": 1,
        }
      }
    >
      <View
        onLayout={[Function]}
        style={
          Object {
            "flex": 1,
            "overflow": "hidden",
          }
        }
      >
        <View
          pointerEvents="box-none"
          style={
            Object {
              "bottom": 0,
              "left": 0,
              "position": "absolute",
              "right": 0,
              "top": 0,
            }
          }
        >
          <View
            accessibilityElementsHidden={false}
            closing={false}
            gestureVelocityImpact={0.3}
            importantForAccessibility="auto"
            onClose={[Function]}
            onGestureBegin={[Function]}
            onGestureCanceled={[Function]}
            onOpen={[Function]}
            onTransitionStart={[Function]}
            pointerEvents="box-none"
            style={
              Object {
                "bottom": 0,
                "left": 0,
                "position": "absolute",
                "right": 0,
                "top": 0,
              }
            }
            transitionSpec={
              Object {
                "close": Object {
                  "animation": "spring",
                  "config": Object {
                    "damping": 500,
                    "mass": 3,
                    "overshootClamping": true,
                    "restDisplacementThreshold": 0.01,
                    "restSpeedThreshold": 0.01,
                    "stiffness": 1000,
                  },
                },
                "open": Object {
                  "animation": "spring",
                  "config": Object {
                    "damping": 500,
                    "mass": 3,
                    "overshootClamping": true,
                    "restDisplacementThreshold": 0.01,
                    "restSpeedThreshold": 0.01,
                    "stiffness": 1000,
                  },
                },
              }
            }
          >
            <View
              pointerEvents="box-none"
              style={
                Object {
                  "flex": 1,
                }
              }
            >
              <View
                collapsable={false}
                onGestureHandlerEvent={[Function]}
                onGestureHandlerStateChange={[Function]}
                style={
                  Object {
                    "flex": 1,
                    "transform": Array [
                      Object {
                        "translateX": 0,
                      },
                      Object {
                        "translateX": 0,
                      },
                    ],
                  }
                }
              >
                <View
                  pointerEvents="none"
                  style={
                    Object {
                      "backgroundColor": "rgb(242, 242, 242)",
                      "bottom": 0,
                      "left": 0,
                      "position": "absolute",
                      "shadowColor": "#000",
                      "shadowOffset": Object {
                        "height": 1,
                        "width": -1,
                      },
                      "shadowOpacity": 0.3,
                      "shadowRadius": 5,
                      "top": 0,
                      "width": 3,
                    }
                  }
                />
                <View
                  style={
                    Array [
                      Object {
                        "flex": 1,
                        "overflow": "hidden",
                      },
                      Array [
                        Object {
                          "backgroundColor": "rgb(242, 242, 242)",
                        },
                        undefined,
                      ],
                    ]
                  }
                >
                  <View
                    style={
                      Object {
                        "flex": 1,
                        "flexDirection": "column-reverse",
                      }
                    }
                  >
                    <View
                      style={
                        Object {
                          "flex": 1,
                        }
                      }
                    >
                      <TouchableWithoutFeedback
                        accessible={false}
                        onPress={[Function]}
                      >
                        <ScrollView
                          style={
                            Object {
                              "backgroundColor": "#fff",
                              "flex": 1,
                            }
                          }
                        >
                          <SafeAreaView
                            style={
                              Object {
                                "flex": 1,
                                "justifyContent": "flex-end",
                                "marginHorizontal": 75,
                              }
                            }
                          >
                            <View
                              style={
                                Object {
                                  "alignItems": "center",
                                  "marginBottom": 40,
                                  "marginTop": 40,
                                }
                              }
                            >
                              <View
                                accessibilityLabel="NoImageAvatar"
                                style={
                                  Object {
                                    "backgroundColor": "transparent",
                                    "borderRadius": 75,
                                    "height": 150,
                                    "marginBottom": 33.5,
                                    "marginTop": 33.5,
                                    "width": 150,
                                  }
                                }
                                theme={
                                  Object {
                                    "colors": Object {
                                      "disabled": "hsl(208, 8%, 90%)",
                                      "divider": "#bcbbc1",
                                      "error": "#ff190c",
                                      "grey0": "#393e42",
                                      "grey1": "#43484d",
                                      "grey2": "#5e6977",
                                      "grey3": "#86939e",
                                      "grey4": "#bdc6cf",
                                      "grey5": "#e1e8ee",
                                      "greyOutline": "#bbb",
                                      "platform": Object {
                                        "android": Object {
                                          "error": "#f44336",
                                          "primary": "#2196f3",
                                          "secondary": "#9C27B0",
                                          "success": "#4caf50",
                                          "warning": "#ffeb3b",
                                        },
                                        "ios": Object {
                                          "error": "#ff3b30",
                                          "primary": "#007aff",
                                          "secondary": "#5856d6",
                                          "success": "#4cd964",
                                          "warning": "#ffcc00",
                                        },
                                      },
                                      "primary": "#2089dc",
                                      "searchBg": "#303337",
                                      "secondary": "#8F0CE8",
                                      "success": "#52c41a",
                                      "warning": "#faad14",
                                    },
                                  }
                                }
                              >
                                <View
                                  accessibilityIgnoresInvertColors={true}
                                  style={
                                    Object {
                                      "backgroundColor": "#c0c0c0",
                                      "borderRadius": 75,
                                      "flex": 1,
                                      "overflow": "hidden",
                                      "position": "relative",
                                    }
                                  }
                                >
                                  <Image
                                    onLoad={[Function]}
                                    style={
                                      Array [
                                        Object {
                                          "bottom": 0,
                                          "left": 0,
                                          "position": "absolute",
                                          "right": 0,
                                          "top": 0,
                                        },
                                        Object {
                                          "height": null,
                                          "width": null,
                                        },
                                      ]
                                    }
                                    testID="RNE__Image"
                                    theme={
                                      Object {
                                        "colors": Object {
                                          "disabled": "hsl(208, 8%, 90%)",
                                          "divider": "#bcbbc1",
                                          "error": "#ff190c",
                                          "grey0": "#393e42",
                                          "grey1": "#43484d",
                                          "grey2": "#5e6977",
                                          "grey3": "#86939e",
                                          "grey4": "#bdc6cf",
                                          "grey5": "#e1e8ee",
                                          "greyOutline": "#bbb",
                                          "platform": Object {
                                            "android": Object {
                                              "error": "#f44336",
                                              "primary": "#2196f3",
                                              "secondary": "#9C27B0",
                                              "success": "#4caf50",
                                              "warning": "#ffeb3b",
                                            },
                                            "ios": Object {
                                              "error": "#ff3b30",
                                              "primary": "#007aff",
                                              "secondary": "#5856d6",
                                              "success": "#4cd964",
                                              "warning": "#ffcc00",
                                            },
                                          },
                                          "primary": "#2089dc",
                                          "searchBg": "#303337",
                                          "secondary": "#8F0CE8",
                                          "success": "#52c41a",
                                          "warning": "#faad14",
                                        },
                                      }
                                    }
                                  />
                                  <View
                                    accessibilityElementsHidden={false}
                                    importantForAccessibility="yes"
                                    pointerEvents="auto"
                                    style={
                                      Object {
                                        "bottom": 0,
                                        "left": 0,
                                        "opacity": 1,
                                        "position": "absolute",
                                        "right": 0,
                                        "top": 0,
                                      }
                                    }
                                  >
                                    <View
                                      style={
                                        Object {
                                          "alignItems": "center",
                                          "backgroundColor": "transparent",
                                          "flex": 1,
                                          "height": null,
                                          "justifyContent": "center",
                                          "width": null,
                                        }
                                      }
                                      testID="RNE__Image__placeholder"
                                    />
                                  </View>
                                  <View
                                    style={
                                      Object {
                                        "flex": 1,
                                        "height": null,
                                        "width": null,
                                      }
                                    }
                                  />
                                </View>
                              </View>
                            </View>
                            <View
                              accessibilityLabel="Divider 1"
                              style={
                                Object {
                                  "backgroundColor": "black",
                                  "height": 0.5,
                                  "marginBottom": 20,
                                }
                              }
                            />
                            <Text
                              accessibilityLabel="Name"
                              style={
                                Object {
                                  "color": "#7D7D7D",
                                  "fontSize": 29.5,
                                  "marginBottom": 20,
                                  "marginLeft": 20,
                                }
                              }
                            >
                              Name: 
                               
                            </Text>
                            <View
                              accessibilityLabel="Divider 2"
                              style={
                                Object {
                                  "backgroundColor": "black",
                                  "height": 0.5,
                                  "marginBottom": 20,
                                }
                              }
                            />
                            <Text
                              accessibilityLabel="Phone"
                              style={
                                Object {
                                  "color": "#7D7D7D",
                                  "fontSize": 29.5,
                                  "marginBottom": 20,
                                  "marginLeft": 20,
                                }
                              }
                            >
                              Phone Number: 
                              () -
                            </Text>
                            <View
                              accessibilityLabel="Divider 3"
                              style={
                                Object {
                                  "backgroundColor": "black",
                                  "height": 0.5,
                                  "marginBottom": 20,
                                }
                              }
                            />
                            <Text
                              accessibilityLabel="Interests"
                              style={
                                Object {
                                  "color": "#7D7D7D",
                                  "fontSize": 29.5,
                                  "marginBottom": 20,
                                  "marginLeft": 20,
                                }
                              }
                            >
                              Interests: 
                              
                            </Text>
                            <View
                              accessibilityLabel="Divider 4"
                              style={
                                Object {
                                  "backgroundColor": "black",
                                  "height": 0.5,
                                  "marginBottom": 20,
                                }
                              }
                            />
                            <View
                              style={
                                Object {
                                  "height": 267,
                                  "justifyContent": "space-around",
                                }
                              }
                            >
                              <View
                                style={
                                  Object {
                                    "borderRadius": 3,
                                  }
                                }
                              >
                                <TouchableOpacity
                                  accessibilityLabel="EditButton"
                                  activeOpacity={0.3}
                                  disabled={false}
                                  onPress={[Function]}
                                >
                                  <View
                                    style={
                                      Object {
                                        "alignItems": "center",
                                        "backgroundColor": "#fd6e11",
                                        "borderColor": "#2089dc",
                                        "borderRadius": 5,
                                        "borderWidth": 0,
                                        "flexDirection": "row",
                                        "height": 80,
                                        "justifyContent": "center",
                                        "padding": 8,
                                      }
                                    }
                                  >
                                    <Text
                                      style={
                                        Object {
                                          "color": "white",
                                          "fontSize": 26.5,
                                          "paddingBottom": 1,
                                          "paddingTop": 2,
                                          "textAlign": "center",
                                        }
                                      }
                                    >
                                      Edit
                                    </Text>
                                  </View>
                                </TouchableOpacity>
                              </View>
                            </View>
                          </SafeAreaView>
                        </ScrollView>
                      </TouchableWithoutFeedback>
                    </View>
                    <View
                      pointerEvents="box-none"
                    >
                      <View
                        accessibilityElementsHidden={false}
                        importantForAccessibility="auto"
                        onLayout={[Function]}
                        pointerEvents="box-none"
                        style={null}
                      >
                        <SafeAreaView
                          style={
                            Array [
                              Object {
                                "backgroundColor": "#ed7c3a",
                                "elevation": 4,
                                "zIndex": 0,
                              },
                              Object {
                                "shadowColor": "#000000",
                                "shadowOffset": Object {
                                  "height": 3,
                                  "width": 0,
                                },
                                "shadowOpacity": 0.24,
                                "shadowRadius": 4,
                              },
                            ]
                          }
                        >
                          <View
                            style={
                              Object {
                                "alignItems": "center",
                                "backgroundColor": "#ed7c3a",
                                "elevation": 0,
                                "flexDirection": "row",
                                "height": 56,
                                "marginTop": 0,
                                "paddingHorizontal": 4,
                              }
                            }
                          >
                            <TouchableHighlight
                              accessibilityComponentType="button"
                              accessibilityRole="button"
                              accessibilityStates={Array []}
                              accessibilityTraits="button"
                              activeOpacity={0.85}
                              centered={true}
                              delayPressOut={100}
                              disabled={false}
                              hitSlop={
                                Object {
                                  "bottom": 6,
                                  "left": 6,
                                  "right": 6,
                                  "top": 6,
                                }
                              }
                              onPress={[Function]}
                              style={
                                Array [
                                  Object {
                                    "overflow": "hidden",
                                  },
                                  Array [
                                    Object {
                                      "alignItems": "center",
                                      "justifyContent": "center",
                                      "margin": 6,
                                      "overflow": "hidden",
                                    },
                                    Object {
                                      "borderRadius": 18,
                                      "height": 36,
                                      "width": 36,
                                    },
                                    undefined,
                                    undefined,
                                  ],
                                ]
                              }
                              underlayColor="rgba(255, 255, 255, 0.16)"
                            >
                              <View>
                                <View
                                  style={
                                    Array [
                                      Object {
                                        "alignItems": "center",
                                        "justifyContent": "center",
                                      },
                                      Object {
                                        "height": 24,
                                        "width": 24,
                                      },
                                    ]
                                  }
                                >
                                  <View
                                    style={
                                      Object {
                                        "bottom": 0,
                                        "left": 0,
                                        "opacity": 1,
                                        "position": "absolute",
                                        "right": 0,
                                        "top": 0,
                                        "transform": Array [
                                          Object {
                                            "rotate": "0deg",
                                          },
                                        ],
                                      }
                                    }
                                  >
                                    <Text />
                                  </View>
                                </View>
                              </View>
                            </TouchableHighlight>
                            <TouchableWithoutFeedback
                              disabled={true}
                            >
                              <View
                                style={
                                  Array [
                                    Object {
                                      "flex": 1,
                                      "paddingHorizontal": 12,
                                    },
                                    Array [
                                      Object {
                                        "marginLeft": 8,
                                      },
                                      Object {
                                        "alignItems": "center",
                                      },
                                      undefined,
                                    ],
                                  ]
                                }
                              >
                                <Text
                                  accessibilityRole="header"
                                  accessibilityTraits="header"
                                  accessible={true}
                                  numberOfLines={1}
                                  style={
                                    Array [
                                      Object {
                                        "color": "#000000",
                                        "fontFamily": "System",
                                        "fontWeight": "400",
                                        "textAlign": "left",
                                      },
                                      Array [
                                        Object {
                                          "color": "#000000",
                                          "fontFamily": "System",
                                          "fontWeight": "400",
                                        },
                                        Object {
                                          "fontSize": 17,
                                        },
                                        Object {
                                          "alignSelf": "center",
                                          "color": "#fff",
                                        },
                                      ],
                                    ]
                                  }
                                >
                                  Edit Profile
                                </Text>
                              </View>
                            </TouchableWithoutFeedback>
                            <View
                              style={
                                Object {
                                  "width": 48,
                                }
                              }
                            />
                          </View>
                        </SafeAreaView>
                      </View>
                    </View>
                  </View>
                </View>
              </View>
            </View>
          </View>
        </View>
      </View>
    </RNCSafeAreaView>
  </View>,
  ";",
]
`;
